10-Jun-2026 10:30:07.835 INFO [main] org.apache.catalina.startup.VersionLoggerListener.log Server version name:   Apache Tomcat/11.0.22
10-Jun-2026 10:30:07.850 INFO [main] org.apache.catalina.startup.VersionLoggerListener.log Server built:          May 1 2026 18:29:05 UTC
10-Jun-2026 10:30:07.852 INFO [main] org.apache.catalina.startup.VersionLoggerListener.log Server version number: 11.0.22.0
10-Jun-2026 10:30:07.856 INFO [main] org.apache.catalina.startup.VersionLoggerListener.log OS Name:               Linux
10-Jun-2026 10:30:07.856 INFO [main] org.apache.catalina.startup.VersionLoggerListener.log OS Version:            6.8.0-1052-azure
10-Jun-2026 10:30:07.857 INFO [main] org.apache.catalina.startup.VersionLoggerListener.log Architecture:          amd64
10-Jun-2026 10:30:07.857 INFO [main] org.apache.catalina.startup.VersionLoggerListener.log Java Home:             /usr/local/sdkman/candidates/java/25.0.2-ms
10-Jun-2026 10:30:07.858 INFO [main] org.apache.catalina.startup.VersionLoggerListener.log JVM Version:           25.0.2+10-LTS
10-Jun-2026 10:30:07.859 INFO [main] org.apache.catalina.startup.VersionLoggerListener.log JVM Vendor:            Microsoft
10-Jun-2026 10:30:07.860 INFO [main] org.apache.catalina.startup.VersionLoggerListener.log CATALINA_BASE:         /workspaces/FDPServlet/apache-tomcat-11.0.22
10-Jun-2026 10:30:07.860 INFO [main] org.apache.catalina.startup.VersionLoggerListener.log CATALINA_HOME:         /workspaces/FDPServlet/apache-tomcat-11.0.22
10-Jun-2026 10:30:08.107 INFO [main] org.apache.catalina.startup.VersionLoggerListener.log Command line argument: -Djava.util.logging.config.file=/workspaces/FDPServlet/apache-tomcat-11.0.22/conf/logging.properties
10-Jun-2026 10:30:08.107 INFO [main] org.apache.catalina.startup.VersionLoggerListener.log Command line argument: -Djava.util.logging.manager=org.apache.juli.ClassLoaderLogManager
10-Jun-2026 10:30:08.107 INFO [main] org.apache.catalina.startup.VersionLoggerListener.log Command line argument: -Djdk.tls.ephemeralDHKeySize=2048
10-Jun-2026 10:30:08.124 INFO [main] org.apache.catalina.startup.VersionLoggerListener.log Command line argument: -Dorg.apache.catalina.security.SecurityListener.UMASK=0027
10-Jun-2026 10:30:08.125 INFO [main] org.apache.catalina.startup.VersionLoggerListener.log Command line argument: --add-opens=java.base/java.lang=ALL-UNNAMED
10-Jun-2026 10:30:08.125 INFO [main] org.apache.catalina.startup.VersionLoggerListener.log Command line argument: --add-opens=java.base/java.lang.reflect=ALL-UNNAMED
10-Jun-2026 10:30:08.126 INFO [main] org.apache.catalina.startup.VersionLoggerListener.log Command line argument: --add-opens=java.base/java.io=ALL-UNNAMED
10-Jun-2026 10:30:08.128 INFO [main] org.apache.catalina.startup.VersionLoggerListener.log Command line argument: --add-opens=java.base/java.util=ALL-UNNAMED
10-Jun-2026 10:30:08.130 INFO [main] org.apache.catalina.startup.VersionLoggerListener.log Command line argument: --add-opens=java.base/java.util.concurrent=ALL-UNNAMED
10-Jun-2026 10:30:08.130 INFO [main] org.apache.catalina.startup.VersionLoggerListener.log Command line argument: --add-opens=java.rmi/sun.rmi.transport=ALL-UNNAMED
10-Jun-2026 10:30:08.130 INFO [main] org.apache.catalina.startup.VersionLoggerListener.log Command line argument: --enable-native-access=ALL-UNNAMED
10-Jun-2026 10:30:08.130 INFO [main] org.apache.catalina.startup.VersionLoggerListener.log Command line argument: -Dcatalina.base=/workspaces/FDPServlet/apache-tomcat-11.0.22
10-Jun-2026 10:30:08.141 INFO [main] org.apache.catalina.startup.VersionLoggerListener.log Command line argument: -Dcatalina.home=/workspaces/FDPServlet/apache-tomcat-11.0.22
10-Jun-2026 10:30:08.142 INFO [main] org.apache.catalina.startup.VersionLoggerListener.log Command line argument: -Djava.io.tmpdir=/workspaces/FDPServlet/apache-tomcat-11.0.22/temp
10-Jun-2026 10:30:08.151 INFO [main] org.apache.catalina.core.AprLifecycleListener.lifecycleEvent The Apache Tomcat Native library which allows using OpenSSL was not found on the java.library.path: [/usr/java/packages/lib:/usr/lib64:/lib64:/lib:/usr/lib]
10-Jun-2026 10:30:09.001 INFO [main] org.apache.coyote.AbstractProtocol.init Initializing ProtocolHandler ["http-nio-8080"]
10-Jun-2026 10:30:09.127 INFO [main] org.apache.catalina.startup.Catalina.load Server initialization in [1786] milliseconds
10-Jun-2026 10:30:09.238 INFO [main] org.apache.catalina.core.StandardService.startInternal Starting service [Catalina]
10-Jun-2026 10:30:09.241 INFO [main] org.apache.catalina.core.StandardEngine.startInternal Starting Servlet engine: [Apache Tomcat/11.0.22]
10-Jun-2026 10:30:09.260 INFO [main] org.apache.catalina.startup.HostConfig.deployDirectory Deploying web application directory [/workspaces/FDPServlet/apache-tomcat-11.0.22/webapps/ROOT]
10-Jun-2026 10:30:09.687 INFO [main] org.apache.catalina.startup.HostConfig.deployDirectory Deployment of web application directory [/workspaces/FDPServlet/apache-tomcat-11.0.22/webapps/ROOT] has finished in [426] ms
10-Jun-2026 10:30:09.689 INFO [main] org.apache.catalina.startup.HostConfig.deployDirectory Deploying web application directory [/workspaces/FDPServlet/apache-tomcat-11.0.22/webapps/host-manager]
10-Jun-2026 10:30:09.810 INFO [main] org.apache.catalina.startup.HostConfig.deployDirectory Deployment of web application directory [/workspaces/FDPServlet/apache-tomcat-11.0.22/webapps/host-manager] has finished in [121] ms
10-Jun-2026 10:30:09.811 INFO [main] org.apache.catalina.startup.HostConfig.deployDirectory Deploying web application directory [/workspaces/FDPServlet/apache-tomcat-11.0.22/webapps/FDPServletWebProject]
10-Jun-2026 10:30:09.865 INFO [main] org.apache.catalina.startup.HostConfig.deployDirectory Deployment of web application directory [/workspaces/FDPServlet/apache-tomcat-11.0.22/webapps/FDPServletWebProject] has finished in [54] ms
10-Jun-2026 10:30:09.866 INFO [main] org.apache.catalina.startup.HostConfig.deployDirectory Deploying web application directory [/workspaces/FDPServlet/apache-tomcat-11.0.22/webapps/examples]
10-Jun-2026 10:30:10.321 INFO [main] org.apache.catalina.startup.HostConfig.deployDirectory Deployment of web application directory [/workspaces/FDPServlet/apache-tomcat-11.0.22/webapps/examples] has finished in [455] ms
10-Jun-2026 10:30:10.322 INFO [main] org.apache.catalina.startup.HostConfig.deployDirectory Deploying web application directory [/workspaces/FDPServlet/apache-tomcat-11.0.22/webapps/docs]
10-Jun-2026 10:30:10.376 INFO [main] org.apache.catalina.startup.HostConfig.deployDirectory Deployment of web application directory [/workspaces/FDPServlet/apache-tomcat-11.0.22/webapps/docs] has finished in [55] ms
10-Jun-2026 10:30:10.377 INFO [main] org.apache.catalina.startup.HostConfig.deployDirectory Deploying web application directory [/workspaces/FDPServlet/apache-tomcat-11.0.22/webapps/manager]
10-Jun-2026 10:30:10.402 INFO [main] org.apache.catalina.startup.HostConfig.deployDirectory Deployment of web application directory [/workspaces/FDPServlet/apache-tomcat-11.0.22/webapps/manager] has finished in [25] ms
10-Jun-2026 10:30:10.408 INFO [main] org.apache.coyote.AbstractProtocol.start Starting ProtocolHandler ["http-nio-8080"]
10-Jun-2026 10:30:10.429 INFO [main] org.apache.catalina.startup.Catalina.start Server startup in [1295] milliseconds
10-Jun-2026 10:40:17.366 INFO [main] org.apache.catalina.startup.VersionLoggerListener.log Server version name:   Apache Tomcat/11.0.22
10-Jun-2026 10:40:17.375 INFO [main] org.apache.catalina.startup.VersionLoggerListener.log Server built:          May 1 2026 18:29:05 UTC
10-Jun-2026 10:40:17.376 INFO [main] org.apache.catalina.startup.VersionLoggerListener.log Server version number: 11.0.22.0
10-Jun-2026 10:40:17.376 INFO [main] org.apache.catalina.startup.VersionLoggerListener.log OS Name:               Linux
10-Jun-2026 10:40:17.376 INFO [main] org.apache.catalina.startup.VersionLoggerListener.log OS Version:            6.8.0-1052-azure
10-Jun-2026 10:40:17.377 INFO [main] org.apache.catalina.startup.VersionLoggerListener.log Architecture:          amd64
10-Jun-2026 10:40:17.377 INFO [main] org.apache.catalina.startup.VersionLoggerListener.log Java Home:             /usr/local/sdkman/candidates/java/25.0.2-ms
10-Jun-2026 10:40:17.377 INFO [main] org.apache.catalina.startup.VersionLoggerListener.log JVM Version:           25.0.2+10-LTS
10-Jun-2026 10:40:17.378 INFO [main] org.apache.catalina.startup.VersionLoggerListener.log JVM Vendor:            Microsoft
10-Jun-2026 10:40:17.378 INFO [main] org.apache.catalina.startup.VersionLoggerListener.log CATALINA_BASE:         /workspaces/FDPServlet/apache-tomcat-11.0.22
10-Jun-2026 10:40:17.378 INFO [main] org.apache.catalina.startup.VersionLoggerListener.log CATALINA_HOME:         /workspaces/FDPServlet/apache-tomcat-11.0.22
10-Jun-2026 10:40:17.389 INFO [main] org.apache.catalina.startup.VersionLoggerListener.log Command line argument: -Djava.util.logging.config.file=/workspaces/FDPServlet/apache-tomcat-11.0.22/conf/logging.properties
10-Jun-2026 10:40:17.389 INFO [main] org.apache.catalina.startup.VersionLoggerListener.log Command line argument: -Djava.util.logging.manager=org.apache.juli.ClassLoaderLogManager
10-Jun-2026 10:40:17.390 INFO [main] org.apache.catalina.startup.VersionLoggerListener.log Command line argument: -Djdk.tls.ephemeralDHKeySize=2048
10-Jun-2026 10:40:17.390 INFO [main] org.apache.catalina.startup.VersionLoggerListener.log Command line argument: -Dorg.apache.catalina.security.SecurityListener.UMASK=0027
10-Jun-2026 10:40:17.390 INFO [main] org.apache.catalina.startup.VersionLoggerListener.log Command line argument: --add-opens=java.base/java.lang=ALL-UNNAMED
10-Jun-2026 10:40:17.391 INFO [main] org.apache.catalina.startup.VersionLoggerListener.log Command line argument: --add-opens=java.base/java.lang.reflect=ALL-UNNAMED
10-Jun-2026 10:40:17.391 INFO [main] org.apache.catalina.startup.VersionLoggerListener.log Command line argument: --add-opens=java.base/java.io=ALL-UNNAMED
10-Jun-2026 10:40:17.401 INFO [main] org.apache.catalina.startup.VersionLoggerListener.log Command line argument: --add-opens=java.base/java.util=ALL-UNNAMED
10-Jun-2026 10:40:17.401 INFO [main] org.apache.catalina.startup.VersionLoggerListener.log Command line argument: --add-opens=java.base/java.util.concurrent=ALL-UNNAMED
10-Jun-2026 10:40:17.402 INFO [main] org.apache.catalina.startup.VersionLoggerListener.log Command line argument: --add-opens=java.rmi/sun.rmi.transport=ALL-UNNAMED
10-Jun-2026 10:40:17.402 INFO [main] org.apache.catalina.startup.VersionLoggerListener.log Command line argument: --enable-native-access=ALL-UNNAMED
10-Jun-2026 10:40:17.405 INFO [main] org.apache.catalina.startup.VersionLoggerListener.log Command line argument: -Dcatalina.base=/workspaces/FDPServlet/apache-tomcat-11.0.22
10-Jun-2026 10:40:17.406 INFO [main] org.apache.catalina.startup.VersionLoggerListener.log Command line argument: -Dcatalina.home=/workspaces/FDPServlet/apache-tomcat-11.0.22
10-Jun-2026 10:40:17.406 INFO [main] org.apache.catalina.startup.VersionLoggerListener.log Command line argument: -Djava.io.tmpdir=/workspaces/FDPServlet/apache-tomcat-11.0.22/temp
10-Jun-2026 10:40:17.409 INFO [main] org.apache.catalina.core.AprLifecycleListener.lifecycleEvent The Apache Tomcat Native library which allows using OpenSSL was not found on the java.library.path: [/usr/java/packages/lib:/usr/lib64:/lib64:/lib:/usr/lib]
10-Jun-2026 10:40:18.026 INFO [main] org.apache.coyote.AbstractProtocol.init Initializing ProtocolHandler ["http-nio-8080"]
10-Jun-2026 10:40:18.057 SEVERE [main] org.apache.catalina.util.LifecycleBase.handleSubClassException Failed to initialize component [Connector["http-nio-8080"]]
	org.apache.catalina.LifecycleException: Protocol handler initialization failed
		at org.apache.catalina.connector.Connector.initInternal(Connector.java:1088)
		at org.apache.catalina.util.LifecycleBase.init(LifecycleBase.java:122)
		at org.apache.catalina.core.StandardService.initInternal(StandardService.java:520)
		at org.apache.catalina.util.LifecycleBase.init(LifecycleBase.java:122)
		at org.apache.catalina.core.StandardServer.initInternal(StandardServer.java:951)
		at org.apache.catalina.util.LifecycleBase.init(LifecycleBase.java:122)
		at org.apache.catalina.startup.Catalina.load(Catalina.java:707)
		at org.apache.catalina.startup.Catalina.load(Catalina.java:730)
		at java.base/jdk.internal.reflect.DirectMethodHandleAccessor.invoke(DirectMethodHandleAccessor.java:104)
		at java.base/java.lang.reflect.Method.invoke(Method.java:565)
		at org.apache.catalina.startup.Bootstrap.load(Bootstrap.java:296)
		at org.apache.catalina.startup.Bootstrap.main(Bootstrap.java:469)
	Caused by: java.net.BindException: Address already in use
		at java.base/sun.nio.ch.Net.bind0(Native Method)
		at java.base/sun.nio.ch.Net.bind(Net.java:522)
		at java.base/sun.nio.ch.ServerSocketChannelImpl.netBind(ServerSocketChannelImpl.java:335)
		at java.base/sun.nio.ch.ServerSocketChannelImpl.bind(ServerSocketChannelImpl.java:297)
		at org.apache.tomcat.util.net.NioEndpoint.initServerSocket(NioEndpoint.java:265)
		at org.apache.tomcat.util.net.NioEndpoint.bind(NioEndpoint.java:220)
		at org.apache.tomcat.util.net.AbstractEndpoint.bindWithCleanup(AbstractEndpoint.java:1642)
		at org.apache.tomcat.util.net.AbstractEndpoint.init(AbstractEndpoint.java:1655)
		at org.apache.coyote.AbstractProtocol.init(AbstractProtocol.java:932)
		at org.apache.coyote.http11.AbstractHttp11Protocol.init(AbstractHttp11Protocol.java:83)
		at org.apache.catalina.connector.Connector.initInternal(Connector.java:1086)
		... 11 more
10-Jun-2026 10:40:18.059 INFO [main] org.apache.catalina.startup.Catalina.load Server initialization in [899] milliseconds
10-Jun-2026 10:40:18.096 INFO [main] org.apache.catalina.core.StandardService.startInternal Starting service [Catalina]
10-Jun-2026 10:40:18.096 INFO [main] org.apache.catalina.core.StandardEngine.startInternal Starting Servlet engine: [Apache Tomcat/11.0.22]
10-Jun-2026 10:40:18.104 INFO [main] org.apache.catalina.startup.HostConfig.deployDirectory Deploying web application directory [/workspaces/FDPServlet/apache-tomcat-11.0.22/webapps/ROOT]
10-Jun-2026 10:40:18.518 INFO [main] org.apache.catalina.startup.HostConfig.deployDirectory Deployment of web application directory [/workspaces/FDPServlet/apache-tomcat-11.0.22/webapps/ROOT] has finished in [410] ms
10-Jun-2026 10:40:18.519 INFO [main] org.apache.catalina.startup.HostConfig.deployDirectory Deploying web application directory [/workspaces/FDPServlet/apache-tomcat-11.0.22/webapps/host-manager]
10-Jun-2026 10:40:18.679 INFO [main] org.apache.catalina.startup.HostConfig.deployDirectory Deployment of web application directory [/workspaces/FDPServlet/apache-tomcat-11.0.22/webapps/host-manager] has finished in [160] ms
10-Jun-2026 10:40:18.683 INFO [main] org.apache.catalina.startup.HostConfig.deployDirectory Deploying web application directory [/workspaces/FDPServlet/apache-tomcat-11.0.22/webapps/FDPServletWebProject]
10-Jun-2026 10:40:18.821 INFO [main] org.apache.catalina.startup.HostConfig.deployDirectory Deployment of web application directory [/workspaces/FDPServlet/apache-tomcat-11.0.22/webapps/FDPServletWebProject] has finished in [138] ms
10-Jun-2026 10:40:18.824 INFO [main] org.apache.catalina.startup.HostConfig.deployDirectory Deploying web application directory [/workspaces/FDPServlet/apache-tomcat-11.0.22/webapps/examples]
10-Jun-2026 10:40:19.470 INFO [main] org.apache.catalina.startup.HostConfig.deployDirectory Deployment of web application directory [/workspaces/FDPServlet/apache-tomcat-11.0.22/webapps/examples] has finished in [645] ms
10-Jun-2026 10:40:19.474 INFO [main] org.apache.catalina.startup.HostConfig.deployDirectory Deploying web application directory [/workspaces/FDPServlet/apache-tomcat-11.0.22/webapps/docs]
10-Jun-2026 10:40:19.540 INFO [main] org.apache.catalina.startup.HostConfig.deployDirectory Deployment of web application directory [/workspaces/FDPServlet/apache-tomcat-11.0.22/webapps/docs] has finished in [65] ms
10-Jun-2026 10:40:19.542 INFO [main] org.apache.catalina.startup.HostConfig.deployDirectory Deploying web application directory [/workspaces/FDPServlet/apache-tomcat-11.0.22/webapps/manager]
10-Jun-2026 10:40:19.622 INFO [main] org.apache.catalina.startup.HostConfig.deployDirectory Deployment of web application directory [/workspaces/FDPServlet/apache-tomcat-11.0.22/webapps/manager] has finished in [80] ms
10-Jun-2026 10:40:19.636 INFO [main] org.apache.catalina.startup.Catalina.start Server startup in [1575] milliseconds
10-Jun-2026 10:40:19.646 SEVERE [main] org.apache.catalina.core.StandardServer.await Failed to create server shutdown socket on address [localhost] and port [8005] (base port [8005] and offset [0])
	java.net.BindException: Address already in use
		at java.base/sun.nio.ch.Net.bind0(Native Method)
		at java.base/sun.nio.ch.Net.bind(Net.java:522)
		at java.base/sun.nio.ch.Net.bind(Net.java:511)
		at java.base/sun.nio.ch.NioSocketImpl.bind(NioSocketImpl.java:641)
		at java.base/java.net.ServerSocket.bind(ServerSocket.java:326)
		at java.base/java.net.ServerSocket.<init>(ServerSocket.java:222)
		at org.apache.catalina.core.StandardServer.await(StandardServer.java:530)
		at org.apache.catalina.startup.Catalina.await(Catalina.java:846)
		at org.apache.catalina.startup.Catalina.start(Catalina.java:794)
		at java.base/jdk.internal.reflect.DirectMethodHandleAccessor.invoke(DirectMethodHandleAccessor.java:104)
		at java.base/java.lang.reflect.Method.invoke(Method.java:565)
		at org.apache.catalina.startup.Bootstrap.start(Bootstrap.java:339)
		at org.apache.catalina.startup.Bootstrap.main(Bootstrap.java:470)
10-Jun-2026 10:40:19.651 INFO [main] org.apache.coyote.AbstractProtocol.pause Pausing ProtocolHandler ["http-nio-8080"]
10-Jun-2026 10:40:19.652 INFO [main] org.apache.catalina.core.StandardService.stopInternal Stopping service [Catalina]
10-Jun-2026 10:40:19.701 INFO [main] org.apache.coyote.AbstractProtocol.stop Stopping ProtocolHandler ["http-nio-8080"]
10-Jun-2026 10:40:19.702 INFO [main] org.apache.coyote.AbstractProtocol.destroy Destroying ProtocolHandler ["http-nio-8080"]
10-Jun-2026 10:55:27.646 INFO [main] org.apache.catalina.core.StandardServer.await A valid shutdown command was received via the shutdown port. Stopping the Server instance.
10-Jun-2026 10:55:27.648 INFO [main] org.apache.coyote.AbstractProtocol.pause Pausing ProtocolHandler ["http-nio-8080"]
10-Jun-2026 10:55:27.655 INFO [main] org.apache.catalina.core.StandardService.stopInternal Stopping service [Catalina]
10-Jun-2026 10:55:27.696 INFO [main] org.apache.coyote.AbstractProtocol.stop Stopping ProtocolHandler ["http-nio-8080"]
10-Jun-2026 10:55:27.707 INFO [main] org.apache.coyote.AbstractProtocol.destroy Destroying ProtocolHandler ["http-nio-8080"]
